<?xml version="1.0" encoding="UTF-8"?>
<testsuites name="jest tests" tests="1" failures="0" errors="0" time="0.227">
  <testsuite name="undefined" errors="0" failures="0" skipped="0" timestamp="2024-06-04T09:29:32" time="0.211" tests="1">
    <testcase classname=" test increment function" name=" test increment function" time="0.001">
    </testcase>
  </testsuite>
</testsuites>